<html>
<body>
<pre>
<h1>µVision Build Log</h1>
<h2>Project:</h2>
C:\Users\student\Desktop\210905322\LAB-2\LAB2PROJECT.uvproj
Project File Date:  02/08/2023

<h2>Output:</h2>
Build target 'Target 1'
assembling W2Q4.s...
QUES-4\W2Q4.s(22): warning: A1865W: '#' not seen before constant expression
linking...
Program Size: Code=96 RO-data=8 RW-data=4 ZI-data=0  
".\LAB2PROJECT.axf" - 0 Error(s), 1 Warning(s).
g(s).
Target not created
Error: Could not load file 'C:\Users\student\Desktop\210905322\LAB-2\LAB2PROJECT.axf'. Debugger aborted !
, 1 warning and 1 error messages.
".\LAB2PROJECT.axf" - 1 Error(s), 1 Warning(s).
Target not created
