<html>
<body>
<pre>
<h1>µVision Build Log</h1>
<h2>Project:</h2>
C:\Users\student\Desktop\2109053_24_22\lab7\lab7.uvproj
Project File Date:  04/05/2023

<h2>Output:</h2>
Build target 'Target 1'
compiling q2.c...
files\q2.c(86): warning:  #1-D: last line of file ends without a newline
  }
files\q2.c: 1 warning, 0 errors
linking...
Program Size: Code=1624 RO-data=236 RW-data=96 ZI-data=608  
FromELF: creating hex file...
".\lab7.axf" - 0 Error(s), 1 Warning(s).

.
Program Size: Code=1416 RO-data=236 RW-data=96 ZI-data=608  
FromELF: creating hex file...
".\lab7.axf" - 0 Error(s), 2 Warning(s).
                              if(digit_value[3]==0x0A;
files\q2.c(49): warning:  #12-D: parsing restarts here after previous syntax error
                                }
files\q2.c(49): error:  #127: expected a statement
                                }
files\q2.c(68): error:  #20: identifier "count" is undefined
                if(count==N)
files\q2.c(76): warning:  #1-D: last line of file ends without a newline
  }
files\q2.c: 2 warnings, 6 errors
".\lab7.axf" - 6 Error(s), 2 Warning(s).
Target not created
==N)
files\q2.c(70): error:  #20: identifier "flag" is undefined
                        flag=0xFF;
files\q2.c(76): warning:  #1-D: last line of file ends without a newline
  }
files\q2.c: 2 warnings, 9 errors
".\lab7.axf" - 9 Error(s), 2 Warning(s).
Target not created
