<html>
<body>
<pre>
<h1>µVision Build Log</h1>
<h2>Project:</h2>
C:\Users\student\Desktop\210905322\LAB-3\3.uvproj
Project File Date:  02/15/2023

<h2>Output:</h2>
Build target 'Target 1'
assembling l3q4.s...
linking...
Program Size: Code=64 RO-data=8 RW-data=4 ZI-data=0  
".\3.axf" - 0 Error(s), 0 Warning(s).
de=64 RO-data=8 RW-data=4 ZI-data=0  
".\3.axf" - 0 Error(s), 1 Warning(s).
'Target 1'
ror: A1108E: Multiply defined symbol 'VALUE2'
L3Q1.s(27): error: A1108E: Multiply defined symbol 'RESULT'
".\3.axf" - 4 Error(s), 1 Warning(s).
Target not created
Clean started: Project: '3'
   deleting intermediate output files for target 'Target 1'
