


ARM Macro Assembler    Page 1 


    1 00000000                 AREA             RESET,DATA,READONLY
    2 00000000                 EXPORT           _VECTORS
    3 00000000         _VECTORS
    4 00000000 10001000        DCD              0X10001000
    5 00000004 00000000        DCD              RESET_HANDLER
    6 00000008                 ALIGN
    7 00000008                 AREA             MYCODE,CODE,READONLY
    8 00000000                 ENTRY
    9 00000000                 EXPORT           RESET_HANDLER
   10 00000000         RESET_HANDLER
   11 00000000 4802            LDR              R0,=SRC1
   12 00000002 4903            LDR              R1,=SRC2
   13 00000004 6802            LDR              R2,[R0]
   14 00000006 680B            LDR              R3,[R1]
   15 00000008         STOP
   16 00000008 E7FE            B                STOP
   17 0000000A 00 00 00000000 
              00000000         AREA             MYDATA,DATA,READWRITE
   18 00000000 00000008 
                       SRC1    DCD              8
   19 00000004 00000009 
                       SRC2    DCD              9
   20 00000008                 END
Command Line: --debug --xref --cpu=Cortex-M3 --apcs=interwork --depend=.\w1q1.d
 -o.\w1q1.o -IC:\Keil\ARM\RV31\INC -IC:\Keil\ARM\CMSIS\Include -IC:\Keil\ARM\In
c\NXP\LPC17xx --predefine="__EVAL SETA 1" --list=.\w1q1.lst W1Q1.s



ARM Macro Assembler    Page 1 Alphabetic symbol ordering
Relocatable symbols

RESET 00000000

Symbol: RESET
   Definitions
      At line 1 in file W1Q1.s
   Uses
      None
Comment: RESET unused
_VECTORS 00000000

Symbol: _VECTORS
   Definitions
      At line 3 in file W1Q1.s
   Uses
      At line 2 in file W1Q1.s
Comment: _VECTORS used once
2 symbols



ARM Macro Assembler    Page 1 Alphabetic symbol ordering
Relocatable symbols

MYCODE 00000000

Symbol: MYCODE
   Definitions
      At line 7 in file W1Q1.s
   Uses
      None
Comment: MYCODE unused
RESET_HANDLER 00000000

Symbol: RESET_HANDLER
   Definitions
      At line 10 in file W1Q1.s
   Uses
      At line 5 in file W1Q1.s
      At line 9 in file W1Q1.s

STOP 00000008

Symbol: STOP
   Definitions
      At line 15 in file W1Q1.s
   Uses
      At line 16 in file W1Q1.s
Comment: STOP used once
3 symbols



ARM Macro Assembler    Page 1 Alphabetic symbol ordering
Relocatable symbols

MYDATA 00000000

Symbol: MYDATA
   Definitions
      At line 17 in file W1Q1.s
   Uses
      None
Comment: MYDATA unused
SRC1 00000000

Symbol: SRC1
   Definitions
      At line 18 in file W1Q1.s
   Uses
      At line 11 in file W1Q1.s
Comment: SRC1 used once
SRC2 00000004

Symbol: SRC2
   Definitions
      At line 19 in file W1Q1.s
   Uses
      At line 12 in file W1Q1.s
Comment: SRC2 used once
3 symbols
341 symbols in table
